<html>
<body>
<pre>
<h1>礦ision Build Log</h1>
<h2>Tool Versions:</h2>
IDE-Version: μVision V5.29.0.0
Copyright (C) 2019 ARM Ltd and ARM Germany GmbH. All rights reserved.
License Information: wu 邬志文, xxx, LIC=ATTQ1-CQ342-KP4ZY-IAL60-05QIG-WBT7T
 
Tool Versions:
Toolchain:       MDK-ARM Plus  Version: 5.29.0.0
Toolchain Path:  C:\Keil_v5\ARM\ARMCC\Bin
C Compiler:      Armcc.exe V5.06 update 6 (build 750)
Assembler:       Armasm.exe V5.06 update 6 (build 750)
Linker/Locator:  ArmLink.exe V5.06 update 6 (build 750)
Library Manager: ArmAr.exe V5.06 update 6 (build 750)
Hex Converter:   FromElf.exe V5.06 update 6 (build 750)
CPU DLL:         SARMCM3.DLL V5.29.0.0
Dialog DLL:      DARMSTM.DLL V1.68.0.0
Target DLL:      STLink\ST-LINKIII-KEIL_SWO.dll V3.0.7.0
Dialog DLL:      TARMSTM.DLL V1.66.0.0
 
<h2>Project:</h2>
D:\嵌入式学习\正点原子精英板资料\littleVGL移植代码\template(精英开发板)\template\USER\template.uvprojx
Project File Date:  01/02/2026

<h2>Output:</h2>
*** Using Compiler 'V5.06 update 6 (build 750)', folder: 'C:\Keil_v5\ARM\ARMCC\Bin'
*** Note: Rebuilding project, since 'Options->Output->Create Batch File' is selected.
Rebuild target 'TEMPLATE'
compiling main.c...
compiling stm32f10x_it.c...
compiling system_stm32f10x.c...
compiling led.c...
compiling key.c...
compiling lcd.c...
compiling myiic.c...
compiling 24cxx.c...
compiling spi.c...
compiling w25qxx.c...
compiling touch.c...
compiling ctiic.c...
compiling ft5206.c...
compiling timer.c...
compiling gt9xxx.c...
compiling delay.c...
compiling sys.c...
compiling usart.c...
compiling core_cm3.c...
assembling startup_stm32f10x_hd.s...
compiling misc.c...
compiling stm32f10x_fsmc.c...
compiling stm32f10x_gpio.c...
compiling stm32f10x_rcc.c...
compiling stm32f10x_spi.c...
compiling stm32f10x_usart.c...
compiling stm32f10x_tim.c...
compiling lv_disp.c...
compiling lv_group.c...
compiling lv_indev.c...
compiling lv_obj.c...
compiling lv_refr.c...
compiling lv_style.c...
compiling lv_draw.c...
compiling lv_draw_arc.c...
compiling lv_draw_basic.c...
compiling lv_draw_img.c...
compiling lv_draw_label.c...
compiling lv_draw_line.c...
compiling lv_draw_rect.c...
compiling lv_draw_triangle.c...
compiling lv_img_cache.c...
compiling lv_img_decoder.c...
compiling lv_font.c...
compiling lv_font_fmt_txt.c...
compiling lv_font_roboto_12.c...
compiling lv_font_roboto_16.c...
compiling lv_font_roboto_22.c...
compiling lv_font_roboto_28.c...
compiling lv_font_unscii_8.c...
compiling lv_hal_disp.c...
compiling lv_hal_indev.c...
compiling lv_hal_tick.c...
compiling lv_anim.c...
compiling lv_area.c...
compiling lv_async.c...
compiling lv_circ.c...
compiling lv_color.c...
compiling lv_fs.c...
compiling lv_gc.c...
compiling lv_ll.c...
compiling lv_log.c...
compiling lv_math.c...
compiling lv_mem.c...
compiling lv_task.c...
compiling lv_templ.c...
compiling lv_txt.c...
compiling lv_utils.c...
compiling lv_arc.c...
compiling lv_bar.c...
compiling lv_btn.c...
compiling lv_btnm.c...
compiling lv_calendar.c...
compiling lv_canvas.c...
compiling lv_cb.c...
compiling lv_chart.c...
compiling lv_cont.c...
compiling lv_ddlist.c...
compiling lv_gauge.c...
compiling lv_img.c...
compiling lv_imgbtn.c...
compiling lv_kb.c...
compiling lv_label.c...
compiling lv_led.c...
compiling lv_line.c...
compiling lv_list.c...
compiling lv_lmeter.c...
compiling lv_mbox.c...
compiling lv_objx_templ.c...
compiling lv_page.c...
compiling lv_preload.c...
compiling lv_roller.c...
compiling lv_slider.c...
compiling lv_spinbox.c...
compiling lv_sw.c...
compiling lv_ta.c...
compiling lv_table.c...
compiling lv_tabview.c...
compiling lv_tileview.c...
compiling lv_win.c...
compiling lv_theme.c...
compiling lv_theme_alien.c...
compiling lv_theme_default.c...
compiling lv_theme_material.c...
compiling lv_theme_mono.c...
compiling lv_theme_nemo.c...
compiling lv_theme_night.c...
compiling lv_theme_templ.c...
compiling lv_theme_zen.c...
compiling lv_port_disp.c...
compiling lv_port_indev.c...
compiling demo.c...
compiling img_bubble_pattern.c...
compiling lv_test_theme_1.c...
compiling lv_test_theme_2.c...
linking...
Program Size: Code=86386 RO-data=18826 RW-data=344 ZI-data=46152  
FromELF: creating hex file...
"..\OBJ\template.axf" - 0 Error(s), 0 Warning(s).

<h2>Software Packages used:</h2>

Package Vendor: Keil
                https://www.keil.com/pack/Keil.STM32F1xx_DFP.2.4.1.pack
                Keil.STM32F1xx_DFP.2.4.1
                STMicroelectronics STM32F1 Series Device Support, Drivers and Examples

<h2>Collection of Component include folders:</h2>
  .\RTE\_TEMPLATE
  C:\Users\邬志文\AppData\Local\Arm\Packs\Keil\STM32F1xx_DFP\2.4.1\Device\Include

<h2>Collection of Component Files used:</h2>
Build Time Elapsed:  00:00:25
</pre>
</body>
</html>
